---
source: crates/bitdo_tui/src/tests.rs
expression: rendered
---
╭Session───────────────────────────────────────────────────────────────────────────────────────────╮
│OpenBitDo  Workflow  •  Ready  •  reports fail-only  •  safe                                      │
╰──────────────────────────────────────────────────────────────────────────────────────────────────╯
╭Safety Check  status and intent───────────────────────────────────────────────────────────────────╮
│Safety Check Workflow  reviewing update safety                                                    │
│                                                                                                  │
│Ready to confirm transfer                                                                         │
│                                                                                                  │
╰──────────────────────────────────────────────────────────────────────────────────────────────────╯
╭Details  workflow context───────────────────────────────╮╭Progress  transfer state────────────────╮
│Ready to confirm transfer                               ││█████                                   │
│                                                        ││█████             12%                   │
│                                                        │╰────────────────────────────────────────╯
│                                                        │╭Context  current session────────────────╮
│                                                        ││Current stage: reviewing update safety  │
│                                                        ││Progress: 12%                           │
│                                                        ││Report policy: failure_only             │
│                                                        ││Ready                                   │
│                                                        ││                                        │
│                                                        ││                                        │
│                                                        ││                                        │
│                                                        ││                                        │
│                                                        ││                                        │
│                                                        ││                                        │
│                                                        ││                                        │
╰────────────────────────────────────────────────────────╯╰────────────────────────────────────────╯
╭Confirm────────────────────────╮╭Cancel─────────────────────────╮╭Back───────────────────────────╮
│Confirm                        ││Cancel                         ││Back                           │
│acknowledge risk and start …   ││stop and discard this step     ││leave this screen              │
╰───────────────────────────────╯╰───────────────────────────────╯╰───────────────────────────────╯
