---
source: crates/bitdo_tui/src/tests.rs
expression: rendered
---
╭Session───────────────────────────────────────────────────────────────────────╮
│OpenBitDo  Dashboard  •  3 devices  •  reports fail-only  •  safe             │
╰──────────────────────────────────────────────────────────────────────────────╯
╭Search  filter────────────────╮╭Device  supported─────╮╭Actions  Enter/click──╮
│Search  active                ││Ultimate2  2dc8:5209  ││› Refresh  •  look for│
╰──────────────────────────────╯│Support: Supported    ││  Diagnose  •  run saf│
╭Controllers  detected─────────╮│Protocol: Standard64  ││  Recommended Update  │
│› 2dc8:5209 Ultimate2         ││Evidence: Confirmed   ││  Edit Mapping  •  cha│
│supported • standard64 • confi││                      ││  Settings  •  report │
│  2dc8:6009 Ultimate          ││Capabilities          ││  Quit  •  close OpenB│
│read-only • standard64 • infer││• firmware updates    ││                      │
│  2dc8:901a Candidate         ││• profile read and wri│╰──────────────────────╯
│read-only • unknown • untested││• mode switching      │╭Activity  events──────╮
│                              ││• JP108 dedicated mapp││                      │
│                              ││• Ultimate 2 slot and ││                      │
│                              ││                      ││                      │
│                              ││                      ││                      │
│                              ││                      ││                      │
│                              ││                      ││                      │
╰──────────────────────────────╯╰──────────────────────╯╰──────────────────────╯
╭Status────────────────────────────────────────────────────────────────────────╮
│Ready                                                                         │
│Ultimate2  •  click a device or action • arrows, Enter, Esc, and q still work │
╰──────────────────────────────────────────────────────────────────────────────╯
